     1 00000000                                 [FORMAT "WCOFF"]
     2 00000000                                 [INSTRSET "i486p"]
     3 00000000                                 [OPTIMIZE 1]
     4 00000000                                 [OPTION 1]
     5 00000000                                 [BITS 32]
     6 00000000                                 	EXTERN	_io_load_eflags
     7 00000000                                 	EXTERN	_io_store_eflags
     8 00000000                                 	EXTERN	_memtest_sub
     9 00000000                                 	EXTERN	_load_cr0
    10 00000000                                 	EXTERN	_store_cr0
    11 00000000                                 [FILE "memory.c"]
    12                                          [SECTION .text]
    13 00000000                                 	GLOBAL	_memtest
    14 00000000                                 _memtest:
    15 00000000 55                              	PUSH	EBP
    16 00000001 89 E5                           	MOV	EBP,ESP
    17 00000003 56                              	PUSH	ESI
    18 00000004 53                              	PUSH	EBX
    19 00000005 31 F6                           	XOR	ESI,ESI
    20 00000007 E8 [00000000]                   	CALL	_io_load_eflags
    21 0000000C 0D 00040000                     	OR	EAX,262144
    22 00000011 50                              	PUSH	EAX
    23 00000012 E8 [00000000]                   	CALL	_io_store_eflags
    24 00000017 E8 [00000000]                   	CALL	_io_load_eflags
    25 0000001C 5A                              	POP	EDX
    26 0000001D A9 00040000                     	TEST	EAX,262144
    27 00000022 74 05                           	JE	L2
    28 00000024 BE 00000001                     	MOV	ESI,1
    29 00000029                                 L2:
    30 00000029 25 FFFBFFFF                     	AND	EAX,-262145
    31 0000002E 50                              	PUSH	EAX
    32 0000002F E8 [00000000]                   	CALL	_io_store_eflags
    33 00000034 58                              	POP	EAX
    34 00000035 89 F0                           	MOV	EAX,ESI
    35 00000037 84 C0                           	TEST	AL,AL
    36 00000039 75 31                           	JNE	L5
    37 0000003B                                 L3:
    38 0000003B FF 75 0C                        	PUSH	DWORD [12+EBP]
    39 0000003E FF 75 08                        	PUSH	DWORD [8+EBP]
    40 00000041 E8 [00000000]                   	CALL	_memtest_sub
    41 00000046 5A                              	POP	EDX
    42 00000047 89 C3                           	MOV	EBX,EAX
    43 00000049 59                              	POP	ECX
    44 0000004A 89 F0                           	MOV	EAX,ESI
    45 0000004C 84 C0                           	TEST	AL,AL
    46 0000004E 75 09                           	JNE	L6
    47 00000050                                 L4:
    48 00000050 8D 65 F8                        	LEA	ESP,DWORD [-8+EBP]
    49 00000053 89 D8                           	MOV	EAX,EBX
    50 00000055 5B                              	POP	EBX
    51 00000056 5E                              	POP	ESI
    52 00000057 5D                              	POP	EBP
    53 00000058 C3                              	RET
    54 00000059                                 L6:
    55 00000059 E8 [00000000]                   	CALL	_load_cr0
    56 0000005E 25 9FFFFFFF                     	AND	EAX,-1610612737
    57 00000063 50                              	PUSH	EAX
    58 00000064 E8 [00000000]                   	CALL	_store_cr0
    59 00000069 58                              	POP	EAX
    60 0000006A EB E4                           	JMP	L4
    61 0000006C                                 L5:
    62 0000006C E8 [00000000]                   	CALL	_load_cr0
    63 00000071 0D 60000000                     	OR	EAX,1610612736
    64 00000076 50                              	PUSH	EAX
    65 00000077 E8 [00000000]                   	CALL	_store_cr0
    66 0000007C 5B                              	POP	EBX
    67 0000007D EB BC                           	JMP	L3
    68 0000007F                                 	GLOBAL	_memman_init
    69 0000007F                                 _memman_init:
    70 0000007F 55                              	PUSH	EBP
    71 00000080 89 E5                           	MOV	EBP,ESP
    72 00000082 8B 45 08                        	MOV	EAX,DWORD [8+EBP]
    73 00000085 C7 00 00000000                  	MOV	DWORD [EAX],0
    74 0000008B C7 40 04 00000000               	MOV	DWORD [4+EAX],0
    75 00000092 C7 40 08 00000000               	MOV	DWORD [8+EAX],0
    76 00000099 C7 40 0C 00000000               	MOV	DWORD [12+EAX],0
    77 000000A0 5D                              	POP	EBP
    78 000000A1 C3                              	RET
    79 000000A2                                 	GLOBAL	_memman_total
    80 000000A2                                 _memman_total:
    81 000000A2 55                              	PUSH	EBP
    82 000000A3 31 C0                           	XOR	EAX,EAX
    83 000000A5 89 E5                           	MOV	EBP,ESP
    84 000000A7 31 D2                           	XOR	EDX,EDX
    85 000000A9 53                              	PUSH	EBX
    86 000000AA 8B 5D 08                        	MOV	EBX,DWORD [8+EBP]
    87 000000AD 8B 0B                           	MOV	ECX,DWORD [EBX]
    88 000000AF 39 C8                           	CMP	EAX,ECX
    89 000000B1 73 09                           	JAE	L15
    90 000000B3                                 L13:
    91 000000B3 03 44 D3 14                     	ADD	EAX,DWORD [20+EBX+EDX*8]
    92 000000B7 42                              	INC	EDX
    93 000000B8 39 CA                           	CMP	EDX,ECX
    94 000000BA 72 F7                           	JB	L13
    95 000000BC                                 L15:
    96 000000BC 5B                              	POP	EBX
    97 000000BD 5D                              	POP	EBP
    98 000000BE C3                              	RET
    99 000000BF                                 	GLOBAL	_memman_alloc
   100 000000BF                                 _memman_alloc:
   101 000000BF 55                              	PUSH	EBP
   102 000000C0 89 E5                           	MOV	EBP,ESP
   103 000000C2 57                              	PUSH	EDI
   104 000000C3 56                              	PUSH	ESI
   105 000000C4 53                              	PUSH	EBX
   106 000000C5 8B 75 0C                        	MOV	ESI,DWORD [12+EBP]
   107 000000C8 8B 5D 08                        	MOV	EBX,DWORD [8+EBP]
   108 000000CB 8B 0B                           	MOV	ECX,DWORD [EBX]
   109 000000CD                                 L30:
   110 000000CD 49                              	DEC	ECX
   111 000000CE 8B 54 CB 14                     	MOV	EDX,DWORD [20+EBX+ECX*8]
   112 000000D2 39 F2                           	CMP	EDX,ESI
   113 000000D4 72 F7                           	JB	L30
   114 000000D6 8B 7C CB 10                     	MOV	EDI,DWORD [16+EBX+ECX*8]
   115 000000DA 8D 04 3E                        	LEA	EAX,DWORD [ESI+EDI*1]
   116 000000DD 89 44 CB 10                     	MOV	DWORD [16+EBX+ECX*8],EAX
   117 000000E1 89 D0                           	MOV	EAX,EDX
   118 000000E3 29 F0                           	SUB	EAX,ESI
   119 000000E5 89 44 CB 14                     	MOV	DWORD [20+EBX+ECX*8],EAX
   120 000000E9 85 C0                           	TEST	EAX,EAX
   121 000000EB 75 1E                           	JNE	L22
   122 000000ED 8B 03                           	MOV	EAX,DWORD [EBX]
   123 000000EF 48                              	DEC	EAX
   124 000000F0 89 03                           	MOV	DWORD [EBX],EAX
   125 000000F2 39 C1                           	CMP	ECX,EAX
   126 000000F4 73 15                           	JAE	L22
   127 000000F6                                 L27:
   128 000000F6 8B 44 CB 18                     	MOV	EAX,DWORD [24+EBX+ECX*8]
   129 000000FA 8B 54 CB 1C                     	MOV	EDX,DWORD [28+EBX+ECX*8]
   130 000000FE 89 44 CB 10                     	MOV	DWORD [16+EBX+ECX*8],EAX
   131 00000102 89 54 CB 14                     	MOV	DWORD [20+EBX+ECX*8],EDX
   132 00000106 41                              	INC	ECX
   133 00000107 3B 0B                           	CMP	ECX,DWORD [EBX]
   134 00000109 72 EB                           	JB	L27
   135 0000010B                                 L22:
   136 0000010B 5B                              	POP	EBX
   137 0000010C 89 F8                           	MOV	EAX,EDI
   138 0000010E 5E                              	POP	ESI
   139 0000010F 5F                              	POP	EDI
   140 00000110 5D                              	POP	EBP
   141 00000111 C3                              	RET
   142 00000112                                 	GLOBAL	_memman_free
   143 00000112                                 _memman_free:
   144 00000112 55                              	PUSH	EBP
   145 00000113 89 E5                           	MOV	EBP,ESP
   146 00000115 57                              	PUSH	EDI
   147 00000116 56                              	PUSH	ESI
   148 00000117 8B 75 08                        	MOV	ESI,DWORD [8+EBP]
   149 0000011A 53                              	PUSH	EBX
   150 0000011B 31 DB                           	XOR	EBX,EBX
   151 0000011D 8B 3E                           	MOV	EDI,DWORD [ESI]
   152 0000011F 39 FB                           	CMP	EBX,EDI
   153 00000121 7D 0E                           	JGE	L33
   154 00000123                                 L37:
   155 00000123 8B 45 0C                        	MOV	EAX,DWORD [12+EBP]
   156 00000126 39 44 DE 10                     	CMP	DWORD [16+ESI+EBX*8],EAX
   157 0000012A 77 05                           	JA	L33
   158 0000012C 43                              	INC	EBX
   159 0000012D 39 FB                           	CMP	EBX,EDI
   160 0000012F 7C F2                           	JL	L37
   161 00000131                                 L33:
   162 00000131 85 DB                           	TEST	EBX,EBX
   163 00000133 7E 0F                           	JLE	L38
   164 00000135 8B 54 DE 0C                     	MOV	EDX,DWORD [12+ESI+EBX*8]
   165 00000139 8B 44 DE 08                     	MOV	EAX,DWORD [8+ESI+EBX*8]
   166 0000013D 01 D0                           	ADD	EAX,EDX
   167 0000013F 3B 45 0C                        	CMP	EAX,DWORD [12+EBP]
   168 00000142 74 73                           	JE	L61
   169 00000144                                 L38:
   170 00000144 39 FB                           	CMP	EBX,EDI
   171 00000146 7D 0C                           	JGE	L47
   172 00000148 8B 45 0C                        	MOV	EAX,DWORD [12+EBP]
   173 0000014B 03 45 10                        	ADD	EAX,DWORD [16+EBP]
   174 0000014E 3B 44 DE 10                     	CMP	EAX,DWORD [16+ESI+EBX*8]
   175 00000152 74 53                           	JE	L62
   176 00000154                                 L47:
   177 00000154 81 FF 00000FF9                  	CMP	EDI,4089
   178 0000015A 7F 3D                           	JG	L49
   179 0000015C 89 F9                           	MOV	ECX,EDI
   180 0000015E 39 DF                           	CMP	EDI,EBX
   181 00000160 7E 15                           	JLE	L59
   182 00000162                                 L54:
   183 00000162 8B 44 CE 08                     	MOV	EAX,DWORD [8+ESI+ECX*8]
   184 00000166 8B 54 CE 0C                     	MOV	EDX,DWORD [12+ESI+ECX*8]
   185 0000016A 89 44 CE 10                     	MOV	DWORD [16+ESI+ECX*8],EAX
   186 0000016E 89 54 CE 14                     	MOV	DWORD [20+ESI+ECX*8],EDX
   187 00000172 49                              	DEC	ECX
   188 00000173 39 D9                           	CMP	ECX,EBX
   189 00000175 7F EB                           	JG	L54
   190 00000177                                 L59:
   191 00000177 8D 47 01                        	LEA	EAX,DWORD [1+EDI]
   192 0000017A 89 06                           	MOV	DWORD [ESI],EAX
   193 0000017C 39 46 04                        	CMP	DWORD [4+ESI],EAX
   194 0000017F 7D 03                           	JGE	L55
   195 00000181 89 46 04                        	MOV	DWORD [4+ESI],EAX
   196 00000184                                 L55:
   197 00000184 8B 45 0C                        	MOV	EAX,DWORD [12+EBP]
   198 00000187 89 44 DE 10                     	MOV	DWORD [16+ESI+EBX*8],EAX
   199 0000018B 8B 45 10                        	MOV	EAX,DWORD [16+EBP]
   200 0000018E 89 44 DE 14                     	MOV	DWORD [20+ESI+EBX*8],EAX
   201 00000192                                 L60:
   202 00000192 31 C0                           	XOR	EAX,EAX
   203 00000194                                 L31:
   204 00000194 5B                              	POP	EBX
   205 00000195 5E                              	POP	ESI
   206 00000196 5F                              	POP	EDI
   207 00000197 5D                              	POP	EBP
   208 00000198 C3                              	RET
   209 00000199                                 L49:
   210 00000199 8B 45 10                        	MOV	EAX,DWORD [16+EBP]
   211 0000019C FF 46 0C                        	INC	DWORD [12+ESI]
   212 0000019F 01 46 08                        	ADD	DWORD [8+ESI],EAX
   213 000001A2 83 C8 FF                        	OR	EAX,-1
   214 000001A5 EB ED                           	JMP	L31
   215 000001A7                                 L62:
   216 000001A7 8B 45 0C                        	MOV	EAX,DWORD [12+EBP]
   217 000001AA 89 44 DE 10                     	MOV	DWORD [16+ESI+EBX*8],EAX
   218 000001AE 8B 45 10                        	MOV	EAX,DWORD [16+EBP]
   219 000001B1 01 44 DE 14                     	ADD	DWORD [20+ESI+EBX*8],EAX
   220 000001B5 EB DB                           	JMP	L60
   221 000001B7                                 L61:
   222 000001B7 03 55 10                        	ADD	EDX,DWORD [16+EBP]
   223 000001BA 89 54 DE 0C                     	MOV	DWORD [12+ESI+EBX*8],EDX
   224 000001BE 3B 1E                           	CMP	EBX,DWORD [ESI]
   225 000001C0 7D D0                           	JGE	L60
   226 000001C2 8B 45 0C                        	MOV	EAX,DWORD [12+EBP]
   227 000001C5 03 45 10                        	ADD	EAX,DWORD [16+EBP]
   228 000001C8 3B 44 DE 10                     	CMP	EAX,DWORD [16+ESI+EBX*8]
   229 000001CC 75 C4                           	JNE	L60
   230 000001CE 03 54 DE 14                     	ADD	EDX,DWORD [20+ESI+EBX*8]
   231 000001D2 89 54 DE 0C                     	MOV	DWORD [12+ESI+EBX*8],EDX
   232 000001D6 8B 06                           	MOV	EAX,DWORD [ESI]
   233 000001D8 48                              	DEC	EAX
   234 000001D9 89 06                           	MOV	DWORD [ESI],EAX
   235 000001DB 39 C3                           	CMP	EBX,EAX
   236 000001DD 7D B3                           	JGE	L60
   237 000001DF 89 C1                           	MOV	ECX,EAX
   238 000001E1                                 L46:
   239 000001E1 8B 44 DE 18                     	MOV	EAX,DWORD [24+ESI+EBX*8]
   240 000001E5 8B 54 DE 1C                     	MOV	EDX,DWORD [28+ESI+EBX*8]
   241 000001E9 89 44 DE 10                     	MOV	DWORD [16+ESI+EBX*8],EAX
   242 000001ED 89 54 DE 14                     	MOV	DWORD [20+ESI+EBX*8],EDX
   243 000001F1 43                              	INC	EBX
   244 000001F2 39 CB                           	CMP	EBX,ECX
   245 000001F4 7C EB                           	JL	L46
   246 000001F6 EB 9A                           	JMP	L60
   247 000001F8                                 	GLOBAL	_memman_alloc_4k
   248 000001F8                                 _memman_alloc_4k:
   249 000001F8 55                              	PUSH	EBP
   250 000001F9 89 E5                           	MOV	EBP,ESP
   251 000001FB 8B 45 0C                        	MOV	EAX,DWORD [12+EBP]
   252 000001FE 05 00000FFF                     	ADD	EAX,4095
   253 00000203 25 FFFFF000                     	AND	EAX,-4096
   254 00000208 89 45 0C                        	MOV	DWORD [12+EBP],EAX
   255 0000020B 5D                              	POP	EBP
   256 0000020C E9 FFFFFEAE                     	JMP	_memman_alloc
   257 00000211                                 	GLOBAL	_memman_free_4k
   258 00000211                                 _memman_free_4k:
   259 00000211 55                              	PUSH	EBP
   260 00000212 89 E5                           	MOV	EBP,ESP
   261 00000214 8B 45 10                        	MOV	EAX,DWORD [16+EBP]
   262 00000217 05 00000FFF                     	ADD	EAX,4095
   263 0000021C 25 FFFFF000                     	AND	EAX,-4096
   264 00000221 89 45 10                        	MOV	DWORD [16+EBP],EAX
   265 00000224 5D                              	POP	EBP
   266 00000225 E9 FFFFFEE8                     	JMP	_memman_free
